// Jest Snapshot v1, https://goo.gl/fbAQLP

exports[`<Main /> should render the heading 1`] = `
<main
  class="styles__Wrapper-sc-dzx1ao-0 foNsfX"
>
  <img
    alt="Imagem de um átomo e React Avançado escrito ao lado."
    class="styles__Logo-sc-dzx1ao-1 fYienS"
    src="/assets/logo.svg"
  />
  <h1
    class="styles__Title-sc-dzx1ao-2 igfAWE"
  >
    NextJS Boilerplate
  </h1>
  <h2
    class="styles__Description-sc-dzx1ao-3 iXthtD"
  >
    TypeScript, ReactJS, NextJS e Styled Components
  </h2>
  <img
    alt="Um desenvolvedor de frente para uma tela com código."
    class="styles__Illustration-sc-dzx1ao-4 gqIRRS"
    src="/assets/hero-illustration.svg"
  />
</main>
`;
